#
# There is insufficient memory for the Java Runtime Environment to continue.
# Native memory allocation (malloc) failed to allocate 1048576 bytes. Error detail: AllocateHeap
# Possible reasons:
#   The system is out of physical RAM or swap space
#   This process is running with CompressedOops enabled, and the Java Heap may be blocking the growth of the native heap
# Possible solutions:
#   Reduce memory load on the system
#   Increase physical memory or swap space
#   Check if swap backing store is full
#   Decrease Java heap size (-Xmx/-Xms)
#   Decrease number of Java threads
#   Decrease Java thread stack sizes (-Xss)
#   Set larger code cache with -XX:ReservedCodeCacheSize=
#   JVM is running with Unscaled Compressed Oops mode in which the Java heap is
#     placed in the first 4GB address space. The Java Heap base address is the
#     maximum limit for the native heap growth. Please use -XX:HeapBaseMinAddress
#     to set the Java Heap base and to place the Java Heap above 4GB virtual address.
# This output file may be truncated or incomplete.
#
#  Out of Memory Error (allocation.cpp:44), pid=19700, tid=5372
#
# JRE version:  (21.0.9+1) (build )
# Java VM: OpenJDK 64-Bit Server VM (21.0.9+1-b1163.94, mixed mode, sharing, tiered, compressed oops, compressed class ptrs, g1 gc, windows-amd64)
# No core dump will be written. Minidumps are not enabled by default on client versions of Windows
#

---------------  S U M M A R Y ------------

Command Line: -Djava.rmi.server.hostname=127.0.0.1 -Duser.timezone=UTC -Xmx2048m -Xms128m --add-exports=java.desktop/sun.awt=ALL-UNNAMED --add-exports=java.desktop/java.awt.peer=ALL-UNNAMED --add-opens=java.desktop/java.awt=ALL-UNNAMED --add-opens=jdk.unsupported/sun.misc=ALL-UNNAMED --add-opens=java.base/java.nio=ALL-UNNAMED --add-opens=java.base/java.util=ALL-UNNAMED -Dfile.encoding=UTF-8 -Dsun.stdout.encoding=UTF-8 -Dsun.stderr.encoding=UTF-8 com.intellij.database.remote.RemoteJdbcServer org.postgresql.Driver

Host: AMD Ryzen 5 7520U with Radeon Graphics         , 8 cores, 5G,  Windows 11 , 64 bit Build 22621 (10.0.22621.5415)
Time: Thu Mar  5 15:59:16 2026 India Standard Time elapsed time: 0.103258 seconds (0d 0h 0m 0s)

---------------  T H R E A D  ---------------

Current thread (0x0000027af91e0a40):  JavaThread "Unknown thread" [_thread_in_vm, id=5372, stack(0x000000d862800000,0x000000d862900000) (1024K)]

Stack: [0x000000d862800000,0x000000d862900000]
Native frames: (J=compiled Java code, j=interpreted, Vv=VM code, C=native code)
V  [jvm.dll+0x6ec339]
V  [jvm.dll+0x8cc463]
V  [jvm.dll+0x8cea8e]
V  [jvm.dll+0x8cf173]
V  [jvm.dll+0x28b006]
V  [jvm.dll+0xc16b7]
V  [jvm.dll+0x341885]
V  [jvm.dll+0x339ef1]
V  [jvm.dll+0x893b29]
V  [jvm.dll+0x3cdda8]
V  [jvm.dll+0x87ca68]
V  [jvm.dll+0x462a4e]
V  [jvm.dll+0x464731]
C  [jli.dll+0x52ab]
C  [ucrtbase.dll+0x29333]
C  [KERNEL32.DLL+0x1259d]
C  [ntdll.dll+0x5af78]


---------------  P R O C E S S  ---------------

Threads class SMR info:
_java_thread_list=0x00007ffc0d1752c8, length=0, elements={
}

Java Threads: ( => current thread )
Total: 0

Other Threads:
  0x0000027afb584720 WorkerThread "GC Thread#0"                     [id=6672, stack(0x000000d862900000,0x000000d862a00000) (1024K)]

[error occurred during error reporting (printing all threads), id 0xc0000005, EXCEPTION_ACCESS_VIOLATION (0xc0000005) at pc=0x00007ffc0c856470]
VM state: not at safepoint (not fully initialized)

VM Mutex/Monitor currently owned by a thread:  ([mutex/lock_event])
[0x00007ffc0d1e9e30] Heap_lock - owner thread: 0x0000027af91e0a40

Heap address: 0x0000000080000000, size: 2048 MB, Compressed Oops mode: 32-bit

CDS archive(s) mapped at: [0x0000000000000000-0x0000000000000000-0x0000000000000000), size 0, SharedBaseAddress: 0x0000000800000000, ArchiveRelocationMode: 1.
Narrow klass base: 0x0000000000000000, Narrow klass shift: 0, Narrow klass range: 0x0

GC Precious Log:
 CardTable entry size: 512
 Card Set container configuration: InlinePtr #cards 5 size 8 Array Of Cards #cards 12 size 40 Howl #buckets 4 coarsen threshold 1843 Howl Bitmap #cards 512 size 80 coarsen threshold 460 Card regions per heap region 1 cards per card region 2048

Heap:
 garbage-first heap   total 0K, used 0K [0x0000000080000000, 0x0000000100000000)
  region size 1024K, 0 young (0K), 0 survivors (0K)
 Metaspace       used 0K, committed 0K, reserved 0K
  class space    used 0K, committed 0K, reserved 0K

Heap Regions: E=young(eden), S=young(survivor), O=old, HS=humongous(starts), HC=humongous(continues), CS=collection set, F=free, TAMS=top-at-mark-start, PB=parsable bottom

Card table byte_map: [0x0000027a8f000000,0x0000027a8f400000] _byte_map_base: 0x0000027a8ec00000

GC Heap History (0 events):
No events

Dll operation events (1 events):
Event: 0.071 Loaded shared library C:\Program Files\JetBrains\IntelliJ IDEA 2025.3.2\jbr\bin\java.dll

Deoptimization events (0 events):
No events

Classes loaded (0 events):
No events

Classes unloaded (0 events):
No events

Classes redefined (0 events):
No events

Internal exceptions (0 events):
No events

ZGC Phase Switch (0 events):
No events

VM Operations (0 events):
No events

Memory protections (0 events):
No events

Nmethod flushes (0 events):
No events

Events (0 events):
No events


Dynamic libraries:
0x00007ff7758f0000 - 0x00007ff7758fa000 	C:\Program Files\JetBrains\IntelliJ IDEA 2025.3.2\jbr\bin\java.exe
0x00007ffc54a90000 - 0x00007ffc54ca8000 	C:\Windows\SYSTEM32\ntdll.dll
0x00007ffc54110000 - 0x00007ffc541d4000 	C:\Windows\System32\KERNEL32.DLL
0x00007ffc51e90000 - 0x00007ffc52263000 	C:\Windows\System32\KERNELBASE.dll
0x00007ffc51ba0000 - 0x00007ffc51cb1000 	C:\Windows\System32\ucrtbase.dll
0x00007ffc418d0000 - 0x00007ffc418e8000 	C:\Program Files\JetBrains\IntelliJ IDEA 2025.3.2\jbr\bin\jli.dll
0x00007ffc18f90000 - 0x00007ffc18fab000 	C:\Program Files\JetBrains\IntelliJ IDEA 2025.3.2\jbr\bin\VCRUNTIME140.dll
0x00007ffc52c50000 - 0x00007ffc52e02000 	C:\Windows\System32\USER32.dll
0x00007ffc38790000 - 0x00007ffc38a2c000 	C:\Windows\WinSxS\amd64_microsoft.windows.common-controls_6595b64144ccf1df_6.0.22621.6060_none_2712eda17382d24b\COMCTL32.dll
0x00007ffc51cc0000 - 0x00007ffc51ce6000 	C:\Windows\System32\win32u.dll
0x00007ffc549a0000 - 0x00007ffc54a47000 	C:\Windows\System32\msvcrt.dll
0x00007ffc546e0000 - 0x00007ffc54709000 	C:\Windows\System32\GDI32.dll
0x00007ffc51cf0000 - 0x00007ffc51e0b000 	C:\Windows\System32\gdi32full.dll
0x00007ffc524a0000 - 0x00007ffc5253a000 	C:\Windows\System32\msvcp_win.dll
0x00007ffc543a0000 - 0x00007ffc543d1000 	C:\Windows\System32\IMM32.DLL
0x00007ffc41b90000 - 0x00007ffc41b9c000 	C:\Program Files\JetBrains\IntelliJ IDEA 2025.3.2\jbr\bin\vcruntime140_1.dll
0x00007ffbf91c0000 - 0x00007ffbf924d000 	C:\Program Files\JetBrains\IntelliJ IDEA 2025.3.2\jbr\bin\msvcp140.dll
0x00007ffc0c510000 - 0x00007ffc0d2dd000 	C:\Program Files\JetBrains\IntelliJ IDEA 2025.3.2\jbr\bin\server\jvm.dll
0x00007ffc54710000 - 0x00007ffc547c1000 	C:\Windows\System32\ADVAPI32.dll
0x00007ffc52ba0000 - 0x00007ffc52c48000 	C:\Windows\System32\sechost.dll
0x00007ffc52700000 - 0x00007ffc52728000 	C:\Windows\System32\bcrypt.dll
0x00007ffc53cc0000 - 0x00007ffc53dd8000 	C:\Windows\System32\RPCRT4.dll
0x00007ffc53f70000 - 0x00007ffc53fe1000 	C:\Windows\System32\WS2_32.dll
0x00007ffc519c0000 - 0x00007ffc51a0d000 	C:\Windows\SYSTEM32\POWRPROF.dll
0x00007ffc46260000 - 0x00007ffc4626a000 	C:\Windows\SYSTEM32\VERSION.dll
0x00007ffc4c370000 - 0x00007ffc4c3a4000 	C:\Windows\SYSTEM32\WINMM.dll
0x00007ffc519a0000 - 0x00007ffc519b3000 	C:\Windows\SYSTEM32\UMPDC.dll
0x00007ffc50b60000 - 0x00007ffc50b78000 	C:\Windows\SYSTEM32\kernel.appcore.dll
0x00007ffc3db60000 - 0x00007ffc3db6a000 	C:\Program Files\JetBrains\IntelliJ IDEA 2025.3.2\jbr\bin\jimage.dll
0x00007ffc48bb0000 - 0x00007ffc48de3000 	C:\Windows\SYSTEM32\DBGHELP.DLL
0x00007ffc52780000 - 0x00007ffc52b11000 	C:\Windows\System32\combase.dll
0x00007ffc543e0000 - 0x00007ffc544b8000 	C:\Windows\System32\OLEAUT32.dll
0x00007ffc41af0000 - 0x00007ffc41b22000 	C:\Windows\SYSTEM32\dbgcore.DLL
0x00007ffc52680000 - 0x00007ffc526fb000 	C:\Windows\System32\bcryptPrimitives.dll
0x00007ffc15790000 - 0x00007ffc157b0000 	C:\Program Files\JetBrains\IntelliJ IDEA 2025.3.2\jbr\bin\java.dll

JVMTI agents: none

dbghelp: loaded successfully - version: 4.0.5 - missing functions: none
symbol engine: initialized successfully - sym options: 0x614 - pdb path: .;C:\Program Files\JetBrains\IntelliJ IDEA 2025.3.2\jbr\bin;C:\Windows\SYSTEM32;C:\Windows\WinSxS\amd64_microsoft.windows.common-controls_6595b64144ccf1df_6.0.22621.6060_none_2712eda17382d24b;C:\Program Files\JetBrains\IntelliJ IDEA 2025.3.2\jbr\bin\server

VM Arguments:
jvm_args: -Djava.rmi.server.hostname=127.0.0.1 -Duser.timezone=UTC -Xmx2048m -Xms128m --add-exports=java.desktop/sun.awt=ALL-UNNAMED --add-exports=java.desktop/java.awt.peer=ALL-UNNAMED --add-opens=java.desktop/java.awt=ALL-UNNAMED --add-opens=jdk.unsupported/sun.misc=ALL-UNNAMED --add-opens=java.base/java.nio=ALL-UNNAMED --add-opens=java.base/java.util=ALL-UNNAMED -Dfile.encoding=UTF-8 -Dsun.stdout.encoding=UTF-8 -Dsun.stderr.encoding=UTF-8 
java_command: com.intellij.database.remote.RemoteJdbcServer org.postgresql.Driver
java_class_path (initial): C:\Program Files\JetBrains\IntelliJ IDEA 2025.3.2\lib\util_rt.jar;C:\Program Files\JetBrains\IntelliJ IDEA 2025.3.2\lib\module-intellij.libraries.fastutil.jar;C:\Program Files\JetBrains\IntelliJ IDEA 2025.3.2\lib\groovy.jar;C:\Program Files\JetBrains\IntelliJ IDEA 2025.3.2\plugins\DatabaseTools\lib\modules\intellij.database.jdbcConsole.jar;C:\Program Files\JetBrains\IntelliJ IDEA 2025.3.2\lib\modules\intellij.grid.types.jar;C:\Program Files\JetBrains\IntelliJ IDEA 2025.3.2\lib\util.jar;C:\Program Files\JetBrains\IntelliJ IDEA 2025.3.2\lib\module-intellij.libraries.bouncy.castle.provider.jar
Launcher Type: SUN_STANDARD

[Global flags]
     intx CICompilerCount                          = 4                                         {product} {ergonomic}
     uint ConcGCThreads                            = 2                                         {product} {ergonomic}
     uint G1ConcRefinementThreads                  = 8                                         {product} {ergonomic}
   size_t G1HeapRegionSize                         = 1048576                                   {product} {ergonomic}
    uintx GCDrainStackTargetSize                   = 64                                        {product} {ergonomic}
   size_t InitialHeapSize                          = 134217728                                 {product} {command line}
   size_t MarkStackSize                            = 4194304                                   {product} {ergonomic}
   size_t MaxHeapSize                              = 2147483648                                {product} {command line}
   size_t MinHeapDeltaBytes                        = 1048576                                   {product} {ergonomic}
   size_t MinHeapSize                              = 134217728                                 {product} {command line}
    uintx NonNMethodCodeHeapSize                   = 5839372                                {pd product} {ergonomic}
    uintx NonProfiledCodeHeapSize                  = 122909434                              {pd product} {ergonomic}
    uintx ProfiledCodeHeapSize                     = 122909434                              {pd product} {ergonomic}
    uintx ReservedCodeCacheSize                    = 251658240                              {pd product} {ergonomic}
     bool SegmentedCodeCache                       = true                                      {product} {ergonomic}
   size_t SoftMaxHeapSize                          = 2147483648                             {manageable} {ergonomic}
     bool UseCompressedOops                        = true                           {product lp64_product} {ergonomic}
     bool UseG1GC                                  = true                                      {product} {ergonomic}
     bool UseLargePagesIndividualAllocation        = false                                  {pd product} {ergonomic}

Logging:
Log output configuration:
 #0: stdout all=warning uptime,level,tags foldmultilines=false
 #1: stderr all=off uptime,level,tags foldmultilines=false

Release file:
<release file has not been read>
Environment Variables:
JAVA_HOME=C:\Program Files\Microsoft\jdk-17.0.17.10-hotspot
PATH=C:\Program Files\Microsoft\jdk-17.0.17.10-hotspot\bin;C:\Program Files\Common Files\Oracle\Java\javapath;C:\Windows\system32;C:\Windows;C:\Windows\System32\Wbem;C:\Windows\System32\WindowsPowerShell\v1.0\;C:\Windows\System32\OpenSSH\;C:\Program Files\Git\cmd;C:\MinGW\bin;C:\ProgramData\chocolatey\bin;C:\Program Files\MySQL\MySQL Server 8.0\bin;C:\Program Files\Java\jdk-17\bin;C:\apache-maven-3.9.8\bin;C:\apache-ant-1.10.15\bin;C:\Program Files\dotnet\;C:\Program Files\nodejs\;C:\Users\srija\AppData\Local\Android\Sdk\platforms;C:\Users\srija\AppData\Local\Android\Sdk\platform-tools;C:\Users\srija\AppData\Local\Android\Sdk;C:\Users\srija\AppData\Local\Android\Sdk\build-tools;C:\Users\srija\AppData\Local\Android\Sdk\emulator;C:\Users\srija\AppData\Local\Android\Sdk\tools;C:\Program Files\MySQL\MySQL Shell 8.0\bin\;C:\Users\srija\AppData\Local\Programs\Python\Python311\Scripts\;C:\Users\srija\AppData\Local\Programs\Python\Python311\;C:\Users\srija\AppData\Local\Programs\Python\Launcher\;C:\Users\srija\AppData\Local\Microsoft\WindowsApps;C:\Users\srija\AppData\Local\Programs\Microsoft VS Code\bin;C:\Users\srija\AppData\Local\Programs\MiKTeX\miktex\bin\x64\;C:\ffmpeg-7.0.1;C:\Users\srija\.dotnet\tools;C:\Users\srija\.fly\bin;C:\Users\srija\AppData\Roaming\npm;C:\Users\srija\AppData\Local\Android\Sdk;C:\Users\srija\AppData\Local\Android\Sdk\platform-tools;C:\Users\srija\AppData\Local\Android\Sdk\emulator;C:\Users\srija\AppData\Local\Android\Sdk\build-tools;C:\Users\srija\AppData\Local\Android\Sdk\platforms;C:\Program Files\Microsoft\jdk-17.0.17.10-hotspot\bin;C:\Program Files\JetBrains\IntelliJ IDEA 2025.3.2\bin;D:\cursor\resources\app\bin
USERNAME=srija
OS=Windows_NT
PROCESSOR_IDENTIFIER=AMD64 Family 23 Model 160 Stepping 0, AuthenticAMD
TMP=C:\Users\srija\AppData\Local\Temp
TEMP=C:\Users\srija\AppData\Local\Temp




Periodic native trim disabled

JNI global refs:
JNI global refs: 0, weak refs: 0

JNI global refs memory usage: 0, weak refs: 0

Process memory usage:
Resident Set Size: 11612K (0% of 6108668K total physical memory with 155660K free physical memory)

OOME stack traces (most recent first):
Classloader memory used:

---------------  S Y S T E M  ---------------

OS:
 Windows 11 , 64 bit Build 22621 (10.0.22621.5415)
OS uptime: 30 days 3:52 hours
Hyper-V role detected

CPU: total 8 (initial active 8) (8 cores per cpu, 2 threads per core) family 23 model 160 stepping 0 microcode 0x0, cx8, cmov, fxsr, ht, mmx, 3dnowpref, sse, sse2, sse3, ssse3, sse4a, sse4.1, sse4.2, popcnt, lzcnt, tsc, tscinvbit, avx, avx2, aes, clmul, bmi1, bmi2, adx, sha, fma, vzeroupper, clflush, clflushopt, hv, rdtscp, rdpid, f16c
Processor Information for the first 8 processors :
  Max Mhz: 2801, Current Mhz: 2801, Mhz Limit: 2801

Memory: 4k page, system-wide physical 5965M (152M free)
TotalPageFile size 24397M (AvailPageFile size 6M)
current process WorkingSet (physical memory assigned to process): 11M, peak: 11M
current process commit charge ("private bytes"): 57M, peak: 58M

vm_info: OpenJDK 64-Bit Server VM (21.0.9+1-b1163.94) for windows-amd64 JRE (21.0.9+1-b1163.94), built on 2026-01-12 by "builduser" with MS VC++ 16.10 / 16.11 (VS2019)

END.
